apps/api/scripts/seed-order-history.mjs 29ms (unchanged)
apps/api/src/orders/order-expiry.spec.ts 59ms (unchanged)
apps/api/src/orders/order-history.service.ts 33ms (unchanged)
apps/api/src/orders/order-pagination.spec.ts 4ms (unchanged)
apps/api/src/orders/order-pagination.ts 3ms (unchanged)
apps/api/src/orders/orders.controller.ts 7ms (unchanged)
apps/api/src/orders/orders.module.ts 1ms (unchanged)
apps/api/src/orders/orders.service.spec.ts 7ms (unchanged)
apps/api/src/orders/orders.service.ts 33ms (unchanged)
apps/api/src/payments/payments.service.spec.ts 41ms (unchanged)
apps/api/src/payments/payments.service.ts 31ms (unchanged)
apps/api/test/fixtures/order-history.ts 16ms (unchanged)
apps/api/test/mock-gateway.e2e-spec.ts 24ms (unchanged)
apps/api/test/order-history.e2e-spec.ts 42ms (unchanged)
apps/api/test/orders.e2e-spec.ts 44ms (unchanged)
apps/api/test/payments-idempotency.e2e-spec.ts 14ms (unchanged)
apps/api/test/payments-signature-verification.e2e-spec.ts 19ms (unchanged)
apps/api/test/payments.e2e-spec.ts 31ms (unchanged)
apps/api/test/s15-s16-acceptance.e2e-spec.ts 80ms (unchanged)
apps/api/test/sprint2.e2e-spec.ts 44ms (unchanged)
apps/web/src/app/account/page.tsx 10ms (unchanged)
apps/web/src/app/login/page.tsx 3ms (unchanged)
apps/web/src/app/mock-gateway/pay/page.tsx 8ms
apps/web/src/app/orders/[id]/page.tsx 4ms (unchanged)
apps/web/src/app/orders/page.tsx 2ms (unchanged)
apps/web/src/app/product.css 203ms (unchanged)
apps/web/src/components/layout/product-layout.tsx 12ms (unchanged)
apps/web/src/components/layout/session-actions.tsx 5ms (unchanged)
apps/web/src/components/login-form.tsx 13ms (unchanged)
apps/web/src/features/order-review/order-review.tsx 2ms (unchanged)
apps/web/src/features/orders/order-badge.tsx 2ms (unchanged)
apps/web/src/features/orders/order-detail.tsx 6ms (unchanged)
apps/web/src/features/orders/order-feedback.tsx 4ms (unchanged)
apps/web/src/features/orders/order-history.tsx 10ms (unchanged)
apps/web/src/features/orders/order-payment-action.tsx 6ms (unchanged)
apps/web/src/features/orders/use-order-read.ts 6ms (unchanged)
apps/web/src/lib/api.ts 4ms (unchanged)
apps/web/src/lib/contracts/order-history.spec.ts 4ms (unchanged)
apps/web/src/lib/contracts/order-history.ts 9ms (unchanged)
apps/web/src/lib/session-events.ts 1ms (unchanged)
docs/ORDERS_INTEGRATION_HANDOFF.md 61ms (unchanged)
docs/S32_EVIDENCE.md 20ms
docs/S32_IMPLEMENTATION.md 6ms (unchanged)
scripts/verify-order-payment-continuation.mjs 11ms (unchanged)
scripts/verify-s32-browser.mjs 26ms (unchanged)
