{
  "origin": "http://localhost:3300",
  "gateway": "mock (no settlement submitted, no real money)",
  "results": [
    {
      "name": "desktop",
      "status": "failed",
      "error": "TimeoutError: locator.waitFor: Timeout 30000ms exceeded.\nCall log:\n\u001b[2m  - waiting for getByRole('heading', { name: 'Cổng thanh toán giả lập', exact: true }) to be visible\u001b[22m\n",
      "runtimeErrors": [],
      "consoleErrors": [
        "Failed to load resource: the server responded with a status of 404 (Not Found)"
      ]
    },
    {
      "name": "mobile",
      "status": "failed",
      "error": "TimeoutError: locator.waitFor: Timeout 30000ms exceeded.\nCall log:\n\u001b[2m  - waiting for getByRole('heading', { name: 'Cổng thanh toán giả lập', exact: true }) to be visible\u001b[22m\n",
      "runtimeErrors": [],
      "consoleErrors": [
        "Failed to load resource: the server responded with a status of 404 (Not Found)"
      ]
    }
  ],
  "passed": 0,
  "failed": 2
}
