
> web@0.1.0 build D:\Development\03_Academic\Bán vé sự kiện có sơ đồ ghế\thudemo-orders-ready-20261008\apps\web
> next build

▲ Next.js 16.3.6 (Turbopack)
- Environments: .env.local
✓ Running next.config.ts took 29ms

  Creating an optimized production build ...
✓ Compiled successfully in 660ms
  Running TypeScript ...
  Finished TypeScript in 1949ms ...
  Collecting page data using 15 workers ...
  Generating static pages using 15 workers (0/10) ...
  Generating static pages using 15 workers (2/10) 
  Generating static pages using 15 workers (4/10) 
  Generating static pages using 15 workers (7/10) 
✓ Generating static pages using 15 workers (10/10) in 268ms
  Finalizing page optimization ...

Route (app)
┌ ○ /
├ ○ /_not-found
├ ○ /account
├ ƒ /api/[...path]
├ ○ /events
├ ƒ /events/[id]
├ ○ /events/new
├ ƒ /login
├ ƒ /mock-gateway/pay
├ ƒ /orders
├ ƒ /orders/[id]
├ ƒ /payment/result
├ ƒ /payment/result/[orderId]
├ ƒ /shows/[id]
├ ƒ /shows/[id]/seats
└ ƒ /showtimes/[id]/[mode]


○  (Static)   prerendered as static content
ƒ  (Dynamic)  server-rendered on demand

